  Determining projects to restore...
  All projects are up-to-date for restore.
  HarborFlowSuite.Shared -> /Users/marseillosatrian/Downloads/HarborFlow-dotnet-Suite-Marseillo/HarborFlowSuite/HarborFlowSuite.Shared/bin/Debug/net9.0/HarborFlowSuite.Shared.dll
  HarborFlowSuite.Core -> /Users/marseillosatrian/Downloads/HarborFlow-dotnet-Suite-Marseillo/HarborFlowSuite/HarborFlowSuite.Core/bin/Debug/net9.0/HarborFlowSuite.Core.dll
  HarborFlowSuite.Application -> /Users/marseillosatrian/Downloads/HarborFlow-dotnet-Suite-Marseillo/HarborFlowSuite/HarborFlowSuite.Application/bin/Debug/net9.0/HarborFlowSuite.Application.dll
  HarborFlowSuite.Infrastructure -> /Users/marseillosatrian/Downloads/HarborFlow-dotnet-Suite-Marseillo/HarborFlowSuite/HarborFlowSuite.Infrastructure/bin/Debug/net9.0/HarborFlowSuite.Infrastructure.dll
  HarborFlowSuite.Application.Tests -> /Users/marseillosatrian/Downloads/HarborFlow-dotnet-Suite-Marseillo/HarborFlowSuite/HarborFlowSuite.Application.Tests/bin/Debug/net9.0/HarborFlowSuite.Application.Tests.dll
  HarborFlowSuite.Server -> /Users/marseillosatrian/Downloads/HarborFlow-dotnet-Suite-Marseillo/HarborFlowSuite/HarborFlowSuite.Server/bin/Debug/net9.0/HarborFlowSuite.Server.dll
/Users/marseillosatrian/Downloads/HarborFlow-dotnet-Suite-Marseillo/HarborFlowSuite/HarborFlowSuite.Client/Services/IdleTimeoutService.cs(19,28): warning CS8632: The annotation for nullable reference types should only be used in code within a '#nullable' annotations context. [/Users/marseillosatrian/Downloads/HarborFlow-dotnet-Suite-Marseillo/HarborFlowSuite/HarborFlowSuite.Client/HarborFlowSuite.Client.csproj]
/Users/marseillosatrian/Downloads/HarborFlow-dotnet-Suite-Marseillo/HarborFlowSuite/HarborFlowSuite.Client/Services/IdleTimeoutService.cs(17,58): warning CS8632: The annotation for nullable reference types should only be used in code within a '#nullable' annotations context. [/Users/marseillosatrian/Downloads/HarborFlow-dotnet-Suite-Marseillo/HarborFlowSuite/HarborFlowSuite.Client/HarborFlowSuite.Client.csproj]
/Users/marseillosatrian/Downloads/HarborFlow-dotnet-Suite-Marseillo/HarborFlowSuite/HarborFlowSuite.Client/Services/VesselService.cs(49,44): warning CS8632: The annotation for nullable reference types should only be used in code within a '#nullable' annotations context. [/Users/marseillosatrian/Downloads/HarborFlow-dotnet-Suite-Marseillo/HarborFlowSuite/HarborFlowSuite.Client/HarborFlowSuite.Client.csproj]
/Users/marseillosatrian/Downloads/HarborFlow-dotnet-Suite-Marseillo/HarborFlowSuite/HarborFlowSuite.Client/Layout/MainLayout.razor(136,19): warning CS8669: The annotation for nullable reference types should only be used in code within a '#nullable' annotations context. Auto-generated code requires an explicit '#nullable' directive in source. [/Users/marseillosatrian/Downloads/HarborFlow-dotnet-Suite-Marseillo/HarborFlowSuite/HarborFlowSuite.Client/HarborFlowSuite.Client.csproj]
/Users/marseillosatrian/Downloads/HarborFlow-dotnet-Suite-Marseillo/HarborFlowSuite/HarborFlowSuite.Client/Layout/MainLayout.razor(137,19): warning CS8669: The annotation for nullable reference types should only be used in code within a '#nullable' annotations context. Auto-generated code requires an explicit '#nullable' directive in source. [/Users/marseillosatrian/Downloads/HarborFlow-dotnet-Suite-Marseillo/HarborFlowSuite/HarborFlowSuite.Client/HarborFlowSuite.Client.csproj]
/Users/marseillosatrian/Downloads/HarborFlow-dotnet-Suite-Marseillo/HarborFlowSuite/HarborFlowSuite.Client/Shared/Dialogs/CompanyDialog.razor(34,31): warning CS8669: The annotation for nullable reference types should only be used in code within a '#nullable' annotations context. Auto-generated code requires an explicit '#nullable' directive in source. [/Users/marseillosatrian/Downloads/HarborFlow-dotnet-Suite-Marseillo/HarborFlowSuite/HarborFlowSuite.Client/HarborFlowSuite.Client.csproj]
/Users/marseillosatrian/Downloads/HarborFlow-dotnet-Suite-Marseillo/HarborFlowSuite/HarborFlowSuite.Client/Pages/CompanyManagement.razor(95,22): warning CS8669: The annotation for nullable reference types should only be used in code within a '#nullable' annotations context. Auto-generated code requires an explicit '#nullable' directive in source. [/Users/marseillosatrian/Downloads/HarborFlow-dotnet-Suite-Marseillo/HarborFlowSuite/HarborFlowSuite.Client/HarborFlowSuite.Client.csproj]
/Users/marseillosatrian/Downloads/HarborFlow-dotnet-Suite-Marseillo/HarborFlowSuite/HarborFlowSuite.Client/Pages/Dashboard.razor(255,22): warning CS8669: The annotation for nullable reference types should only be used in code within a '#nullable' annotations context. Auto-generated code requires an explicit '#nullable' directive in source. [/Users/marseillosatrian/Downloads/HarborFlow-dotnet-Suite-Marseillo/HarborFlowSuite/HarborFlowSuite.Client/HarborFlowSuite.Client.csproj]
/Users/marseillosatrian/Downloads/HarborFlow-dotnet-Suite-Marseillo/HarborFlowSuite/HarborFlowSuite.Client/Pages/EditServiceRequest.razor(50,18): warning CS8669: The annotation for nullable reference types should only be used in code within a '#nullable' annotations context. Auto-generated code requires an explicit '#nullable' directive in source. [/Users/marseillosatrian/Downloads/HarborFlow-dotnet-Suite-Marseillo/HarborFlowSuite/HarborFlowSuite.Client/HarborFlowSuite.Client.csproj]
/Users/marseillosatrian/Downloads/HarborFlow-dotnet-Suite-Marseillo/HarborFlowSuite/HarborFlowSuite.Client/Pages/EditServiceRequest.razor(52,27): warning CS8669: The annotation for nullable reference types should only be used in code within a '#nullable' annotations context. Auto-generated code requires an explicit '#nullable' directive in source. [/Users/marseillosatrian/Downloads/HarborFlow-dotnet-Suite-Marseillo/HarborFlowSuite/HarborFlowSuite.Client/HarborFlowSuite.Client.csproj]
/Users/marseillosatrian/Downloads/HarborFlow-dotnet-Suite-Marseillo/HarborFlowSuite/HarborFlowSuite.Client/Pages/EditVessel.razor(45,18): warning CS8669: The annotation for nullable reference types should only be used in code within a '#nullable' annotations context. Auto-generated code requires an explicit '#nullable' directive in source. [/Users/marseillosatrian/Downloads/HarborFlow-dotnet-Suite-Marseillo/HarborFlowSuite/HarborFlowSuite.Client/HarborFlowSuite.Client.csproj]
/Users/marseillosatrian/Downloads/HarborFlow-dotnet-Suite-Marseillo/HarborFlowSuite/HarborFlowSuite.Client/Pages/EditCompany.razor(35,18): warning CS8669: The annotation for nullable reference types should only be used in code within a '#nullable' annotations context. Auto-generated code requires an explicit '#nullable' directive in source. [/Users/marseillosatrian/Downloads/HarborFlow-dotnet-Suite-Marseillo/HarborFlowSuite/HarborFlowSuite.Client/HarborFlowSuite.Client.csproj]
/Users/marseillosatrian/Downloads/HarborFlow-dotnet-Suite-Marseillo/HarborFlowSuite/HarborFlowSuite.Client/Pages/EditCompany.razor(37,20): warning CS8669: The annotation for nullable reference types should only be used in code within a '#nullable' annotations context. Auto-generated code requires an explicit '#nullable' directive in source. [/Users/marseillosatrian/Downloads/HarborFlow-dotnet-Suite-Marseillo/HarborFlowSuite/HarborFlowSuite.Client/HarborFlowSuite.Client.csproj]
/Users/marseillosatrian/Downloads/HarborFlow-dotnet-Suite-Marseillo/HarborFlowSuite/HarborFlowSuite.Client/Shared/Dialogs/ServiceRequestDialog.razor(51,38): warning CS8669: The annotation for nullable reference types should only be used in code within a '#nullable' annotations context. Auto-generated code requires an explicit '#nullable' directive in source. [/Users/marseillosatrian/Downloads/HarborFlow-dotnet-Suite-Marseillo/HarborFlowSuite/HarborFlowSuite.Client/HarborFlowSuite.Client.csproj]
/Users/marseillosatrian/Downloads/HarborFlow-dotnet-Suite-Marseillo/HarborFlowSuite/HarborFlowSuite.Client/Pages/EditVessel.razor(47,19): warning CS8669: The annotation for nullable reference types should only be used in code within a '#nullable' annotations context. Auto-generated code requires an explicit '#nullable' directive in source. [/Users/marseillosatrian/Downloads/HarborFlow-dotnet-Suite-Marseillo/HarborFlowSuite/HarborFlowSuite.Client/HarborFlowSuite.Client.csproj]
/Users/marseillosatrian/Downloads/HarborFlow-dotnet-Suite-Marseillo/HarborFlowSuite/HarborFlowSuite.Client/Pages/Register.razor(89,19): warning CS8669: The annotation for nullable reference types should only be used in code within a '#nullable' annotations context. Auto-generated code requires an explicit '#nullable' directive in source. [/Users/marseillosatrian/Downloads/HarborFlow-dotnet-Suite-Marseillo/HarborFlowSuite/HarborFlowSuite.Client/HarborFlowSuite.Client.csproj]
/Users/marseillosatrian/Downloads/HarborFlow-dotnet-Suite-Marseillo/HarborFlowSuite/HarborFlowSuite.Client/Shared/Dialogs/ServiceRequestDialog.razor(54,19): warning CS8669: The annotation for nullable reference types should only be used in code within a '#nullable' annotations context. Auto-generated code requires an explicit '#nullable' directive in source. [/Users/marseillosatrian/Downloads/HarborFlow-dotnet-Suite-Marseillo/HarborFlowSuite/HarborFlowSuite.Client/HarborFlowSuite.Client.csproj]
/Users/marseillosatrian/Downloads/HarborFlow-dotnet-Suite-Marseillo/HarborFlowSuite/HarborFlowSuite.Client/Pages/UserProfile.razor(179,27): warning CS8669: The annotation for nullable reference types should only be used in code within a '#nullable' annotations context. Auto-generated code requires an explicit '#nullable' directive in source. [/Users/marseillosatrian/Downloads/HarborFlow-dotnet-Suite-Marseillo/HarborFlowSuite/HarborFlowSuite.Client/HarborFlowSuite.Client.csproj]
/Users/marseillosatrian/Downloads/HarborFlow-dotnet-Suite-Marseillo/HarborFlowSuite/HarborFlowSuite.Client/Pages/VesselManagement.razor(89,25): warning CS8669: The annotation for nullable reference types should only be used in code within a '#nullable' annotations context. Auto-generated code requires an explicit '#nullable' directive in source. [/Users/marseillosatrian/Downloads/HarborFlow-dotnet-Suite-Marseillo/HarborFlowSuite/HarborFlowSuite.Client/HarborFlowSuite.Client.csproj]
/Users/marseillosatrian/Downloads/HarborFlow-dotnet-Suite-Marseillo/HarborFlowSuite/HarborFlowSuite.Client/Shared/Dialogs/CompanyHistoryDialog.razor(4,9): error CS0246: The type or namespace name 'ICompanyService' could not be found (are you missing a using directive or an assembly reference?) [/Users/marseillosatrian/Downloads/HarborFlow-dotnet-Suite-Marseillo/HarborFlowSuite/HarborFlowSuite.Client/HarborFlowSuite.Client.csproj]
/Users/marseillosatrian/Downloads/HarborFlow-dotnet-Suite-Marseillo/HarborFlowSuite/HarborFlowSuite.Client/Shared/Dialogs/VesselDialog.razor(62,30): warning CS8669: The annotation for nullable reference types should only be used in code within a '#nullable' annotations context. Auto-generated code requires an explicit '#nullable' directive in source. [/Users/marseillosatrian/Downloads/HarborFlow-dotnet-Suite-Marseillo/HarborFlowSuite/HarborFlowSuite.Client/HarborFlowSuite.Client.csproj]
/Users/marseillosatrian/Downloads/HarborFlow-dotnet-Suite-Marseillo/HarborFlowSuite/HarborFlowSuite.Client/Shared/Dialogs/VesselDialog.razor(63,30): warning CS8669: The annotation for nullable reference types should only be used in code within a '#nullable' annotations context. Auto-generated code requires an explicit '#nullable' directive in source. [/Users/marseillosatrian/Downloads/HarborFlow-dotnet-Suite-Marseillo/HarborFlowSuite/HarborFlowSuite.Client/HarborFlowSuite.Client.csproj]
/Users/marseillosatrian/Downloads/HarborFlow-dotnet-Suite-Marseillo/HarborFlowSuite/HarborFlowSuite.Client/Pages/Login.razor(95,19): warning CS8669: The annotation for nullable reference types should only be used in code within a '#nullable' annotations context. Auto-generated code requires an explicit '#nullable' directive in source. [/Users/marseillosatrian/Downloads/HarborFlow-dotnet-Suite-Marseillo/HarborFlowSuite/HarborFlowSuite.Client/HarborFlowSuite.Client.csproj]
/Users/marseillosatrian/Downloads/HarborFlow-dotnet-Suite-Marseillo/HarborFlowSuite/HarborFlowSuite.Client/Pages/NauticalChart.razor(61,49): warning CS8669: The annotation for nullable reference types should only be used in code within a '#nullable' annotations context. Auto-generated code requires an explicit '#nullable' directive in source. [/Users/marseillosatrian/Downloads/HarborFlow-dotnet-Suite-Marseillo/HarborFlowSuite/HarborFlowSuite.Client/HarborFlowSuite.Client.csproj]
/Users/marseillosatrian/Downloads/HarborFlow-dotnet-Suite-Marseillo/HarborFlowSuite/HarborFlowSuite.Client/Components/ServiceRequestDetail.razor(92,38): warning CS8669: The annotation for nullable reference types should only be used in code within a '#nullable' annotations context. Auto-generated code requires an explicit '#nullable' directive in source. [/Users/marseillosatrian/Downloads/HarborFlow-dotnet-Suite-Marseillo/HarborFlowSuite/HarborFlowSuite.Client/HarborFlowSuite.Client.csproj]
/Users/marseillosatrian/Downloads/HarborFlow-dotnet-Suite-Marseillo/HarborFlowSuite/HarborFlowSuite.Client/Components/VesselMiniMap.razor(18,30): warning CS8669: The annotation for nullable reference types should only be used in code within a '#nullable' annotations context. Auto-generated code requires an explicit '#nullable' directive in source. [/Users/marseillosatrian/Downloads/HarborFlow-dotnet-Suite-Marseillo/HarborFlowSuite/HarborFlowSuite.Client/HarborFlowSuite.Client.csproj]
/Users/marseillosatrian/Downloads/HarborFlow-dotnet-Suite-Marseillo/HarborFlowSuite/HarborFlowSuite.Client/Components/VesselMiniMap.razor(22,19): warning CS8669: The annotation for nullable reference types should only be used in code within a '#nullable' annotations context. Auto-generated code requires an explicit '#nullable' directive in source. [/Users/marseillosatrian/Downloads/HarborFlow-dotnet-Suite-Marseillo/HarborFlowSuite/HarborFlowSuite.Client/HarborFlowSuite.Client.csproj]
/Users/marseillosatrian/Downloads/HarborFlow-dotnet-Suite-Marseillo/HarborFlowSuite/HarborFlowSuite.Client/Components/VesselMiniMap.razor(57,19): warning CS8669: The annotation for nullable reference types should only be used in code within a '#nullable' annotations context. Auto-generated code requires an explicit '#nullable' directive in source. [/Users/marseillosatrian/Downloads/HarborFlow-dotnet-Suite-Marseillo/HarborFlowSuite/HarborFlowSuite.Client/HarborFlowSuite.Client.csproj]
/Users/marseillosatrian/Downloads/HarborFlow-dotnet-Suite-Marseillo/HarborFlowSuite/HarborFlowSuite.Client/Components/ServiceRequestDetail.razor(97,56): warning CS8669: The annotation for nullable reference types should only be used in code within a '#nullable' annotations context. Auto-generated code requires an explicit '#nullable' directive in source. [/Users/marseillosatrian/Downloads/HarborFlow-dotnet-Suite-Marseillo/HarborFlowSuite/HarborFlowSuite.Client/HarborFlowSuite.Client.csproj]
/Users/marseillosatrian/Downloads/HarborFlow-dotnet-Suite-Marseillo/HarborFlowSuite/HarborFlowSuite.Client/Components/VesselMap.razor(671,111): warning CS8669: The annotation for nullable reference types should only be used in code within a '#nullable' annotations context. Auto-generated code requires an explicit '#nullable' directive in source. [/Users/marseillosatrian/Downloads/HarborFlow-dotnet-Suite-Marseillo/HarborFlowSuite/HarborFlowSuite.Client/HarborFlowSuite.Client.csproj]
  HarborFlowSuite.Server.Tests -> /Users/marseillosatrian/Downloads/HarborFlow-dotnet-Suite-Marseillo/HarborFlowSuite/HarborFlowSuite.Server.Tests/bin/Debug/net9.0/HarborFlowSuite.Server.Tests.dll

Build FAILED.

/Users/marseillosatrian/Downloads/HarborFlow-dotnet-Suite-Marseillo/HarborFlowSuite/HarborFlowSuite.Client/Services/IdleTimeoutService.cs(19,28): warning CS8632: The annotation for nullable reference types should only be used in code within a '#nullable' annotations context. [/Users/marseillosatrian/Downloads/HarborFlow-dotnet-Suite-Marseillo/HarborFlowSuite/HarborFlowSuite.Client/HarborFlowSuite.Client.csproj]
/Users/marseillosatrian/Downloads/HarborFlow-dotnet-Suite-Marseillo/HarborFlowSuite/HarborFlowSuite.Client/Services/IdleTimeoutService.cs(17,58): warning CS8632: The annotation for nullable reference types should only be used in code within a '#nullable' annotations context. [/Users/marseillosatrian/Downloads/HarborFlow-dotnet-Suite-Marseillo/HarborFlowSuite/HarborFlowSuite.Client/HarborFlowSuite.Client.csproj]
/Users/marseillosatrian/Downloads/HarborFlow-dotnet-Suite-Marseillo/HarborFlowSuite/HarborFlowSuite.Client/Services/VesselService.cs(49,44): warning CS8632: The annotation for nullable reference types should only be used in code within a '#nullable' annotations context. [/Users/marseillosatrian/Downloads/HarborFlow-dotnet-Suite-Marseillo/HarborFlowSuite/HarborFlowSuite.Client/HarborFlowSuite.Client.csproj]
/Users/marseillosatrian/Downloads/HarborFlow-dotnet-Suite-Marseillo/HarborFlowSuite/HarborFlowSuite.Client/Layout/MainLayout.razor(136,19): warning CS8669: The annotation for nullable reference types should only be used in code within a '#nullable' annotations context. Auto-generated code requires an explicit '#nullable' directive in source. [/Users/marseillosatrian/Downloads/HarborFlow-dotnet-Suite-Marseillo/HarborFlowSuite/HarborFlowSuite.Client/HarborFlowSuite.Client.csproj]
/Users/marseillosatrian/Downloads/HarborFlow-dotnet-Suite-Marseillo/HarborFlowSuite/HarborFlowSuite.Client/Layout/MainLayout.razor(137,19): warning CS8669: The annotation for nullable reference types should only be used in code within a '#nullable' annotations context. Auto-generated code requires an explicit '#nullable' directive in source. [/Users/marseillosatrian/Downloads/HarborFlow-dotnet-Suite-Marseillo/HarborFlowSuite/HarborFlowSuite.Client/HarborFlowSuite.Client.csproj]
/Users/marseillosatrian/Downloads/HarborFlow-dotnet-Suite-Marseillo/HarborFlowSuite/HarborFlowSuite.Client/Shared/Dialogs/CompanyDialog.razor(34,31): warning CS8669: The annotation for nullable reference types should only be used in code within a '#nullable' annotations context. Auto-generated code requires an explicit '#nullable' directive in source. [/Users/marseillosatrian/Downloads/HarborFlow-dotnet-Suite-Marseillo/HarborFlowSuite/HarborFlowSuite.Client/HarborFlowSuite.Client.csproj]
/Users/marseillosatrian/Downloads/HarborFlow-dotnet-Suite-Marseillo/HarborFlowSuite/HarborFlowSuite.Client/Pages/CompanyManagement.razor(95,22): warning CS8669: The annotation for nullable reference types should only be used in code within a '#nullable' annotations context. Auto-generated code requires an explicit '#nullable' directive in source. [/Users/marseillosatrian/Downloads/HarborFlow-dotnet-Suite-Marseillo/HarborFlowSuite/HarborFlowSuite.Client/HarborFlowSuite.Client.csproj]
/Users/marseillosatrian/Downloads/HarborFlow-dotnet-Suite-Marseillo/HarborFlowSuite/HarborFlowSuite.Client/Pages/Dashboard.razor(255,22): warning CS8669: The annotation for nullable reference types should only be used in code within a '#nullable' annotations context. Auto-generated code requires an explicit '#nullable' directive in source. [/Users/marseillosatrian/Downloads/HarborFlow-dotnet-Suite-Marseillo/HarborFlowSuite/HarborFlowSuite.Client/HarborFlowSuite.Client.csproj]
/Users/marseillosatrian/Downloads/HarborFlow-dotnet-Suite-Marseillo/HarborFlowSuite/HarborFlowSuite.Client/Pages/EditServiceRequest.razor(50,18): warning CS8669: The annotation for nullable reference types should only be used in code within a '#nullable' annotations context. Auto-generated code requires an explicit '#nullable' directive in source. [/Users/marseillosatrian/Downloads/HarborFlow-dotnet-Suite-Marseillo/HarborFlowSuite/HarborFlowSuite.Client/HarborFlowSuite.Client.csproj]
/Users/marseillosatrian/Downloads/HarborFlow-dotnet-Suite-Marseillo/HarborFlowSuite/HarborFlowSuite.Client/Pages/EditServiceRequest.razor(52,27): warning CS8669: The annotation for nullable reference types should only be used in code within a '#nullable' annotations context. Auto-generated code requires an explicit '#nullable' directive in source. [/Users/marseillosatrian/Downloads/HarborFlow-dotnet-Suite-Marseillo/HarborFlowSuite/HarborFlowSuite.Client/HarborFlowSuite.Client.csproj]
/Users/marseillosatrian/Downloads/HarborFlow-dotnet-Suite-Marseillo/HarborFlowSuite/HarborFlowSuite.Client/Pages/EditVessel.razor(45,18): warning CS8669: The annotation for nullable reference types should only be used in code within a '#nullable' annotations context. Auto-generated code requires an explicit '#nullable' directive in source. [/Users/marseillosatrian/Downloads/HarborFlow-dotnet-Suite-Marseillo/HarborFlowSuite/HarborFlowSuite.Client/HarborFlowSuite.Client.csproj]
/Users/marseillosatrian/Downloads/HarborFlow-dotnet-Suite-Marseillo/HarborFlowSuite/HarborFlowSuite.Client/Pages/EditCompany.razor(35,18): warning CS8669: The annotation for nullable reference types should only be used in code within a '#nullable' annotations context. Auto-generated code requires an explicit '#nullable' directive in source. [/Users/marseillosatrian/Downloads/HarborFlow-dotnet-Suite-Marseillo/HarborFlowSuite/HarborFlowSuite.Client/HarborFlowSuite.Client.csproj]
/Users/marseillosatrian/Downloads/HarborFlow-dotnet-Suite-Marseillo/HarborFlowSuite/HarborFlowSuite.Client/Pages/EditCompany.razor(37,20): warning CS8669: The annotation for nullable reference types should only be used in code within a '#nullable' annotations context. Auto-generated code requires an explicit '#nullable' directive in source. [/Users/marseillosatrian/Downloads/HarborFlow-dotnet-Suite-Marseillo/HarborFlowSuite/HarborFlowSuite.Client/HarborFlowSuite.Client.csproj]
/Users/marseillosatrian/Downloads/HarborFlow-dotnet-Suite-Marseillo/HarborFlowSuite/HarborFlowSuite.Client/Shared/Dialogs/ServiceRequestDialog.razor(51,38): warning CS8669: The annotation for nullable reference types should only be used in code within a '#nullable' annotations context. Auto-generated code requires an explicit '#nullable' directive in source. [/Users/marseillosatrian/Downloads/HarborFlow-dotnet-Suite-Marseillo/HarborFlowSuite/HarborFlowSuite.Client/HarborFlowSuite.Client.csproj]
/Users/marseillosatrian/Downloads/HarborFlow-dotnet-Suite-Marseillo/HarborFlowSuite/HarborFlowSuite.Client/Pages/EditVessel.razor(47,19): warning CS8669: The annotation for nullable reference types should only be used in code within a '#nullable' annotations context. Auto-generated code requires an explicit '#nullable' directive in source. [/Users/marseillosatrian/Downloads/HarborFlow-dotnet-Suite-Marseillo/HarborFlowSuite/HarborFlowSuite.Client/HarborFlowSuite.Client.csproj]
/Users/marseillosatrian/Downloads/HarborFlow-dotnet-Suite-Marseillo/HarborFlowSuite/HarborFlowSuite.Client/Pages/Register.razor(89,19): warning CS8669: The annotation for nullable reference types should only be used in code within a '#nullable' annotations context. Auto-generated code requires an explicit '#nullable' directive in source. [/Users/marseillosatrian/Downloads/HarborFlow-dotnet-Suite-Marseillo/HarborFlowSuite/HarborFlowSuite.Client/HarborFlowSuite.Client.csproj]
/Users/marseillosatrian/Downloads/HarborFlow-dotnet-Suite-Marseillo/HarborFlowSuite/HarborFlowSuite.Client/Shared/Dialogs/ServiceRequestDialog.razor(54,19): warning CS8669: The annotation for nullable reference types should only be used in code within a '#nullable' annotations context. Auto-generated code requires an explicit '#nullable' directive in source. [/Users/marseillosatrian/Downloads/HarborFlow-dotnet-Suite-Marseillo/HarborFlowSuite/HarborFlowSuite.Client/HarborFlowSuite.Client.csproj]
/Users/marseillosatrian/Downloads/HarborFlow-dotnet-Suite-Marseillo/HarborFlowSuite/HarborFlowSuite.Client/Pages/UserProfile.razor(179,27): warning CS8669: The annotation for nullable reference types should only be used in code within a '#nullable' annotations context. Auto-generated code requires an explicit '#nullable' directive in source. [/Users/marseillosatrian/Downloads/HarborFlow-dotnet-Suite-Marseillo/HarborFlowSuite/HarborFlowSuite.Client/HarborFlowSuite.Client.csproj]
/Users/marseillosatrian/Downloads/HarborFlow-dotnet-Suite-Marseillo/HarborFlowSuite/HarborFlowSuite.Client/Pages/VesselManagement.razor(89,25): warning CS8669: The annotation for nullable reference types should only be used in code within a '#nullable' annotations context. Auto-generated code requires an explicit '#nullable' directive in source. [/Users/marseillosatrian/Downloads/HarborFlow-dotnet-Suite-Marseillo/HarborFlowSuite/HarborFlowSuite.Client/HarborFlowSuite.Client.csproj]
/Users/marseillosatrian/Downloads/HarborFlow-dotnet-Suite-Marseillo/HarborFlowSuite/HarborFlowSuite.Client/Shared/Dialogs/VesselDialog.razor(62,30): warning CS8669: The annotation for nullable reference types should only be used in code within a '#nullable' annotations context. Auto-generated code requires an explicit '#nullable' directive in source. [/Users/marseillosatrian/Downloads/HarborFlow-dotnet-Suite-Marseillo/HarborFlowSuite/HarborFlowSuite.Client/HarborFlowSuite.Client.csproj]
/Users/marseillosatrian/Downloads/HarborFlow-dotnet-Suite-Marseillo/HarborFlowSuite/HarborFlowSuite.Client/Shared/Dialogs/VesselDialog.razor(63,30): warning CS8669: The annotation for nullable reference types should only be used in code within a '#nullable' annotations context. Auto-generated code requires an explicit '#nullable' directive in source. [/Users/marseillosatrian/Downloads/HarborFlow-dotnet-Suite-Marseillo/HarborFlowSuite/HarborFlowSuite.Client/HarborFlowSuite.Client.csproj]
/Users/marseillosatrian/Downloads/HarborFlow-dotnet-Suite-Marseillo/HarborFlowSuite/HarborFlowSuite.Client/Pages/Login.razor(95,19): warning CS8669: The annotation for nullable reference types should only be used in code within a '#nullable' annotations context. Auto-generated code requires an explicit '#nullable' directive in source. [/Users/marseillosatrian/Downloads/HarborFlow-dotnet-Suite-Marseillo/HarborFlowSuite/HarborFlowSuite.Client/HarborFlowSuite.Client.csproj]
/Users/marseillosatrian/Downloads/HarborFlow-dotnet-Suite-Marseillo/HarborFlowSuite/HarborFlowSuite.Client/Pages/NauticalChart.razor(61,49): warning CS8669: The annotation for nullable reference types should only be used in code within a '#nullable' annotations context. Auto-generated code requires an explicit '#nullable' directive in source. [/Users/marseillosatrian/Downloads/HarborFlow-dotnet-Suite-Marseillo/HarborFlowSuite/HarborFlowSuite.Client/HarborFlowSuite.Client.csproj]
/Users/marseillosatrian/Downloads/HarborFlow-dotnet-Suite-Marseillo/HarborFlowSuite/HarborFlowSuite.Client/Components/ServiceRequestDetail.razor(92,38): warning CS8669: The annotation for nullable reference types should only be used in code within a '#nullable' annotations context. Auto-generated code requires an explicit '#nullable' directive in source. [/Users/marseillosatrian/Downloads/HarborFlow-dotnet-Suite-Marseillo/HarborFlowSuite/HarborFlowSuite.Client/HarborFlowSuite.Client.csproj]
/Users/marseillosatrian/Downloads/HarborFlow-dotnet-Suite-Marseillo/HarborFlowSuite/HarborFlowSuite.Client/Components/VesselMiniMap.razor(18,30): warning CS8669: The annotation for nullable reference types should only be used in code within a '#nullable' annotations context. Auto-generated code requires an explicit '#nullable' directive in source. [/Users/marseillosatrian/Downloads/HarborFlow-dotnet-Suite-Marseillo/HarborFlowSuite/HarborFlowSuite.Client/HarborFlowSuite.Client.csproj]
/Users/marseillosatrian/Downloads/HarborFlow-dotnet-Suite-Marseillo/HarborFlowSuite/HarborFlowSuite.Client/Components/VesselMiniMap.razor(22,19): warning CS8669: The annotation for nullable reference types should only be used in code within a '#nullable' annotations context. Auto-generated code requires an explicit '#nullable' directive in source. [/Users/marseillosatrian/Downloads/HarborFlow-dotnet-Suite-Marseillo/HarborFlowSuite/HarborFlowSuite.Client/HarborFlowSuite.Client.csproj]
/Users/marseillosatrian/Downloads/HarborFlow-dotnet-Suite-Marseillo/HarborFlowSuite/HarborFlowSuite.Client/Components/VesselMiniMap.razor(57,19): warning CS8669: The annotation for nullable reference types should only be used in code within a '#nullable' annotations context. Auto-generated code requires an explicit '#nullable' directive in source. [/Users/marseillosatrian/Downloads/HarborFlow-dotnet-Suite-Marseillo/HarborFlowSuite/HarborFlowSuite.Client/HarborFlowSuite.Client.csproj]
/Users/marseillosatrian/Downloads/HarborFlow-dotnet-Suite-Marseillo/HarborFlowSuite/HarborFlowSuite.Client/Components/ServiceRequestDetail.razor(97,56): warning CS8669: The annotation for nullable reference types should only be used in code within a '#nullable' annotations context. Auto-generated code requires an explicit '#nullable' directive in source. [/Users/marseillosatrian/Downloads/HarborFlow-dotnet-Suite-Marseillo/HarborFlowSuite/HarborFlowSuite.Client/HarborFlowSuite.Client.csproj]
/Users/marseillosatrian/Downloads/HarborFlow-dotnet-Suite-Marseillo/HarborFlowSuite/HarborFlowSuite.Client/Components/VesselMap.razor(671,111): warning CS8669: The annotation for nullable reference types should only be used in code within a '#nullable' annotations context. Auto-generated code requires an explicit '#nullable' directive in source. [/Users/marseillosatrian/Downloads/HarborFlow-dotnet-Suite-Marseillo/HarborFlowSuite/HarborFlowSuite.Client/HarborFlowSuite.Client.csproj]
/Users/marseillosatrian/Downloads/HarborFlow-dotnet-Suite-Marseillo/HarborFlowSuite/HarborFlowSuite.Client/Shared/Dialogs/CompanyHistoryDialog.razor(4,9): error CS0246: The type or namespace name 'ICompanyService' could not be found (are you missing a using directive or an assembly reference?) [/Users/marseillosatrian/Downloads/HarborFlow-dotnet-Suite-Marseillo/HarborFlowSuite/HarborFlowSuite.Client/HarborFlowSuite.Client.csproj]
    29 Warning(s)
    1 Error(s)

Time Elapsed 00:00:05.77
