  Determining projects to restore...
  All projects are up-to-date for restore.
  HarborFlowSuite.Shared -> /Users/marseillosatrian/Downloads/HarborFlow-dotnet-Suite-Marseillo/HarborFlowSuite/HarborFlowSuite.Shared/bin/Debug/net9.0/HarborFlowSuite.Shared.dll
  HarborFlowSuite.Core -> /Users/marseillosatrian/Downloads/HarborFlow-dotnet-Suite-Marseillo/HarborFlowSuite/HarborFlowSuite.Core/bin/Debug/net9.0/HarborFlowSuite.Core.dll
  HarborFlowSuite.Application -> /Users/marseillosatrian/Downloads/HarborFlow-dotnet-Suite-Marseillo/HarborFlowSuite/HarborFlowSuite.Application/bin/Debug/net9.0/HarborFlowSuite.Application.dll
/Users/marseillosatrian/Downloads/HarborFlow-dotnet-Suite-Marseillo/HarborFlowSuite/HarborFlowSuite.Infrastructure/Persistence/ApplicationDbContextFactory.cs(13,30): warning CS8600: Converting null literal or possible null value to non-nullable type. [/Users/marseillosatrian/Downloads/HarborFlow-dotnet-Suite-Marseillo/HarborFlowSuite/HarborFlowSuite.Infrastructure/HarborFlowSuite.Infrastructure.csproj]
/Users/marseillosatrian/Downloads/HarborFlow-dotnet-Suite-Marseillo/HarborFlowSuite/HarborFlowSuite.Infrastructure/Services/NewsService.cs(51,25): error CS0117: 'NewsItemDto' does not contain a definition for 'PubDate' [/Users/marseillosatrian/Downloads/HarborFlow-dotnet-Suite-Marseillo/HarborFlowSuite/HarborFlowSuite.Infrastructure/HarborFlowSuite.Infrastructure.csproj]
/Users/marseillosatrian/Downloads/HarborFlow-dotnet-Suite-Marseillo/HarborFlowSuite/HarborFlowSuite.Infrastructure/Services/ServiceRequestService.cs(28,24): warning CS8603: Possible null reference return. [/Users/marseillosatrian/Downloads/HarborFlow-dotnet-Suite-Marseillo/HarborFlowSuite/HarborFlowSuite.Infrastructure/HarborFlowSuite.Infrastructure.csproj]
/Users/marseillosatrian/Downloads/HarborFlow-dotnet-Suite-Marseillo/HarborFlowSuite/HarborFlowSuite.Infrastructure/Services/ServiceRequestService.cs(35,38): warning CS8603: Possible null reference return. [/Users/marseillosatrian/Downloads/HarborFlow-dotnet-Suite-Marseillo/HarborFlowSuite/HarborFlowSuite.Infrastructure/HarborFlowSuite.Infrastructure.csproj]
/Users/marseillosatrian/Downloads/HarborFlow-dotnet-Suite-Marseillo/HarborFlowSuite/HarborFlowSuite.Infrastructure/Services/ServiceRequestService.cs(60,24): warning CS8603: Possible null reference return. [/Users/marseillosatrian/Downloads/HarborFlow-dotnet-Suite-Marseillo/HarborFlowSuite/HarborFlowSuite.Infrastructure/HarborFlowSuite.Infrastructure.csproj]
/Users/marseillosatrian/Downloads/HarborFlow-dotnet-Suite-Marseillo/HarborFlowSuite/HarborFlowSuite.Infrastructure/Services/VesselService.cs(71,40): warning CS8603: Possible null reference return. [/Users/marseillosatrian/Downloads/HarborFlow-dotnet-Suite-Marseillo/HarborFlowSuite/HarborFlowSuite.Infrastructure/HarborFlowSuite.Infrastructure.csproj]
/Users/marseillosatrian/Downloads/HarborFlow-dotnet-Suite-Marseillo/HarborFlowSuite/HarborFlowSuite.Infrastructure/Services/VesselService.cs(76,64): warning CS8603: Possible null reference return. [/Users/marseillosatrian/Downloads/HarborFlow-dotnet-Suite-Marseillo/HarborFlowSuite/HarborFlowSuite.Infrastructure/HarborFlowSuite.Infrastructure.csproj]
/Users/marseillosatrian/Downloads/HarborFlow-dotnet-Suite-Marseillo/HarborFlowSuite/HarborFlowSuite.Infrastructure/Persistence/ApplicationDbContext.cs(37,104): warning CS8602: Dereference of a possibly null reference. [/Users/marseillosatrian/Downloads/HarborFlow-dotnet-Suite-Marseillo/HarborFlowSuite/HarborFlowSuite.Infrastructure/HarborFlowSuite.Infrastructure.csproj]
/Users/marseillosatrian/Downloads/HarborFlow-dotnet-Suite-Marseillo/HarborFlowSuite/HarborFlowSuite.Infrastructure/Services/VesselService.cs(102,30): warning CS8604: Possible null reference argument for parameter 'source' in 'IOrderedEnumerable<VesselPosition> Enumerable.OrderByDescending<VesselPosition, DateTime>(IEnumerable<VesselPosition> source, Func<VesselPosition, DateTime> keySelector)'. [/Users/marseillosatrian/Downloads/HarborFlow-dotnet-Suite-Marseillo/HarborFlowSuite/HarborFlowSuite.Infrastructure/HarborFlowSuite.Infrastructure.csproj]
/Users/marseillosatrian/Downloads/HarborFlow-dotnet-Suite-Marseillo/HarborFlowSuite/HarborFlowSuite.Infrastructure/Services/VesselService.cs(106,32): warning CS8602: Dereference of a possibly null reference. [/Users/marseillosatrian/Downloads/HarborFlow-dotnet-Suite-Marseillo/HarborFlowSuite/HarborFlowSuite.Infrastructure/HarborFlowSuite.Infrastructure.csproj]
/Users/marseillosatrian/Downloads/HarborFlow-dotnet-Suite-Marseillo/HarborFlowSuite/HarborFlowSuite.Infrastructure/Services/VesselService.cs(107,34): warning CS8602: Dereference of a possibly null reference. [/Users/marseillosatrian/Downloads/HarborFlow-dotnet-Suite-Marseillo/HarborFlowSuite/HarborFlowSuite.Infrastructure/HarborFlowSuite.Infrastructure.csproj]
/Users/marseillosatrian/Downloads/HarborFlow-dotnet-Suite-Marseillo/HarborFlowSuite/HarborFlowSuite.Infrastructure/Services/ServiceRequestService.cs(123,41): warning CS8603: Possible null reference return. [/Users/marseillosatrian/Downloads/HarborFlow-dotnet-Suite-Marseillo/HarborFlowSuite/HarborFlowSuite.Infrastructure/HarborFlowSuite.Infrastructure.csproj]
/Users/marseillosatrian/Downloads/HarborFlow-dotnet-Suite-Marseillo/HarborFlowSuite/HarborFlowSuite.Infrastructure/Services/ServiceRequestService.cs(128,65): warning CS8603: Possible null reference return. [/Users/marseillosatrian/Downloads/HarborFlow-dotnet-Suite-Marseillo/HarborFlowSuite/HarborFlowSuite.Infrastructure/HarborFlowSuite.Infrastructure.csproj]
/Users/marseillosatrian/Downloads/HarborFlow-dotnet-Suite-Marseillo/HarborFlowSuite/HarborFlowSuite.Infrastructure/Services/VesselService.cs(145,38): warning CS8604: Possible null reference argument for parameter 'source' in 'IOrderedEnumerable<VesselPosition> Enumerable.OrderByDescending<VesselPosition, DateTime>(IEnumerable<VesselPosition> source, Func<VesselPosition, DateTime> keySelector)'. [/Users/marseillosatrian/Downloads/HarborFlow-dotnet-Suite-Marseillo/HarborFlowSuite/HarborFlowSuite.Infrastructure/HarborFlowSuite.Infrastructure.csproj]
/Users/marseillosatrian/Downloads/HarborFlow-dotnet-Suite-Marseillo/HarborFlowSuite/HarborFlowSuite.Infrastructure/Services/VesselService.cs(213,24): warning CS8603: Possible null reference return. [/Users/marseillosatrian/Downloads/HarborFlow-dotnet-Suite-Marseillo/HarborFlowSuite/HarborFlowSuite.Infrastructure/HarborFlowSuite.Infrastructure.csproj]
/Users/marseillosatrian/Downloads/HarborFlow-dotnet-Suite-Marseillo/HarborFlowSuite/HarborFlowSuite.Infrastructure/Services/ServiceRequestService.cs(185,24): warning CS8603: Possible null reference return. [/Users/marseillosatrian/Downloads/HarborFlow-dotnet-Suite-Marseillo/HarborFlowSuite/HarborFlowSuite.Infrastructure/HarborFlowSuite.Infrastructure.csproj]
/Users/marseillosatrian/Downloads/HarborFlow-dotnet-Suite-Marseillo/HarborFlowSuite/HarborFlowSuite.Infrastructure/Services/ServiceRequestService.cs(192,38): warning CS8603: Possible null reference return. [/Users/marseillosatrian/Downloads/HarborFlow-dotnet-Suite-Marseillo/HarborFlowSuite/HarborFlowSuite.Infrastructure/HarborFlowSuite.Infrastructure.csproj]
/Users/marseillosatrian/Downloads/HarborFlow-dotnet-Suite-Marseillo/HarborFlowSuite/HarborFlowSuite.Infrastructure/Services/ServiceRequestService.cs(214,49): warning CS8603: Possible null reference return. [/Users/marseillosatrian/Downloads/HarborFlow-dotnet-Suite-Marseillo/HarborFlowSuite/HarborFlowSuite.Infrastructure/HarborFlowSuite.Infrastructure.csproj]
/Users/marseillosatrian/Downloads/HarborFlow-dotnet-Suite-Marseillo/HarborFlowSuite/HarborFlowSuite.Infrastructure/Services/ServiceRequestService.cs(230,38): warning CS8603: Possible null reference return. [/Users/marseillosatrian/Downloads/HarborFlow-dotnet-Suite-Marseillo/HarborFlowSuite/HarborFlowSuite.Infrastructure/HarborFlowSuite.Infrastructure.csproj]
/Users/marseillosatrian/Downloads/HarborFlow-dotnet-Suite-Marseillo/HarborFlowSuite/HarborFlowSuite.Infrastructure/Services/ServiceRequestService.cs(234,73): warning CS8603: Possible null reference return. [/Users/marseillosatrian/Downloads/HarborFlow-dotnet-Suite-Marseillo/HarborFlowSuite/HarborFlowSuite.Infrastructure/HarborFlowSuite.Infrastructure.csproj]
  HarborFlowSuite.Client -> /Users/marseillosatrian/Downloads/HarborFlow-dotnet-Suite-Marseillo/HarborFlowSuite/HarborFlowSuite.Client/bin/Debug/net9.0/HarborFlowSuite.Client.dll
  HarborFlowSuite.Client (Blazor output) -> /Users/marseillosatrian/Downloads/HarborFlow-dotnet-Suite-Marseillo/HarborFlowSuite/HarborFlowSuite.Client/bin/Debug/net9.0/wwwroot
  HarborFlowSuite.Client.Tests -> /Users/marseillosatrian/Downloads/HarborFlow-dotnet-Suite-Marseillo/HarborFlowSuite/HarborFlowSuite.Client.Tests/bin/Debug/net9.0/HarborFlowSuite.Client.Tests.dll

Build FAILED.

/Users/marseillosatrian/Downloads/HarborFlow-dotnet-Suite-Marseillo/HarborFlowSuite/HarborFlowSuite.Infrastructure/Persistence/ApplicationDbContextFactory.cs(13,30): warning CS8600: Converting null literal or possible null value to non-nullable type. [/Users/marseillosatrian/Downloads/HarborFlow-dotnet-Suite-Marseillo/HarborFlowSuite/HarborFlowSuite.Infrastructure/HarborFlowSuite.Infrastructure.csproj]
/Users/marseillosatrian/Downloads/HarborFlow-dotnet-Suite-Marseillo/HarborFlowSuite/HarborFlowSuite.Infrastructure/Services/ServiceRequestService.cs(28,24): warning CS8603: Possible null reference return. [/Users/marseillosatrian/Downloads/HarborFlow-dotnet-Suite-Marseillo/HarborFlowSuite/HarborFlowSuite.Infrastructure/HarborFlowSuite.Infrastructure.csproj]
/Users/marseillosatrian/Downloads/HarborFlow-dotnet-Suite-Marseillo/HarborFlowSuite/HarborFlowSuite.Infrastructure/Services/ServiceRequestService.cs(35,38): warning CS8603: Possible null reference return. [/Users/marseillosatrian/Downloads/HarborFlow-dotnet-Suite-Marseillo/HarborFlowSuite/HarborFlowSuite.Infrastructure/HarborFlowSuite.Infrastructure.csproj]
/Users/marseillosatrian/Downloads/HarborFlow-dotnet-Suite-Marseillo/HarborFlowSuite/HarborFlowSuite.Infrastructure/Services/ServiceRequestService.cs(60,24): warning CS8603: Possible null reference return. [/Users/marseillosatrian/Downloads/HarborFlow-dotnet-Suite-Marseillo/HarborFlowSuite/HarborFlowSuite.Infrastructure/HarborFlowSuite.Infrastructure.csproj]
/Users/marseillosatrian/Downloads/HarborFlow-dotnet-Suite-Marseillo/HarborFlowSuite/HarborFlowSuite.Infrastructure/Services/VesselService.cs(71,40): warning CS8603: Possible null reference return. [/Users/marseillosatrian/Downloads/HarborFlow-dotnet-Suite-Marseillo/HarborFlowSuite/HarborFlowSuite.Infrastructure/HarborFlowSuite.Infrastructure.csproj]
/Users/marseillosatrian/Downloads/HarborFlow-dotnet-Suite-Marseillo/HarborFlowSuite/HarborFlowSuite.Infrastructure/Services/VesselService.cs(76,64): warning CS8603: Possible null reference return. [/Users/marseillosatrian/Downloads/HarborFlow-dotnet-Suite-Marseillo/HarborFlowSuite/HarborFlowSuite.Infrastructure/HarborFlowSuite.Infrastructure.csproj]
/Users/marseillosatrian/Downloads/HarborFlow-dotnet-Suite-Marseillo/HarborFlowSuite/HarborFlowSuite.Infrastructure/Persistence/ApplicationDbContext.cs(37,104): warning CS8602: Dereference of a possibly null reference. [/Users/marseillosatrian/Downloads/HarborFlow-dotnet-Suite-Marseillo/HarborFlowSuite/HarborFlowSuite.Infrastructure/HarborFlowSuite.Infrastructure.csproj]
/Users/marseillosatrian/Downloads/HarborFlow-dotnet-Suite-Marseillo/HarborFlowSuite/HarborFlowSuite.Infrastructure/Services/VesselService.cs(102,30): warning CS8604: Possible null reference argument for parameter 'source' in 'IOrderedEnumerable<VesselPosition> Enumerable.OrderByDescending<VesselPosition, DateTime>(IEnumerable<VesselPosition> source, Func<VesselPosition, DateTime> keySelector)'. [/Users/marseillosatrian/Downloads/HarborFlow-dotnet-Suite-Marseillo/HarborFlowSuite/HarborFlowSuite.Infrastructure/HarborFlowSuite.Infrastructure.csproj]
/Users/marseillosatrian/Downloads/HarborFlow-dotnet-Suite-Marseillo/HarborFlowSuite/HarborFlowSuite.Infrastructure/Services/VesselService.cs(106,32): warning CS8602: Dereference of a possibly null reference. [/Users/marseillosatrian/Downloads/HarborFlow-dotnet-Suite-Marseillo/HarborFlowSuite/HarborFlowSuite.Infrastructure/HarborFlowSuite.Infrastructure.csproj]
/Users/marseillosatrian/Downloads/HarborFlow-dotnet-Suite-Marseillo/HarborFlowSuite/HarborFlowSuite.Infrastructure/Services/VesselService.cs(107,34): warning CS8602: Dereference of a possibly null reference. [/Users/marseillosatrian/Downloads/HarborFlow-dotnet-Suite-Marseillo/HarborFlowSuite/HarborFlowSuite.Infrastructure/HarborFlowSuite.Infrastructure.csproj]
/Users/marseillosatrian/Downloads/HarborFlow-dotnet-Suite-Marseillo/HarborFlowSuite/HarborFlowSuite.Infrastructure/Services/ServiceRequestService.cs(123,41): warning CS8603: Possible null reference return. [/Users/marseillosatrian/Downloads/HarborFlow-dotnet-Suite-Marseillo/HarborFlowSuite/HarborFlowSuite.Infrastructure/HarborFlowSuite.Infrastructure.csproj]
/Users/marseillosatrian/Downloads/HarborFlow-dotnet-Suite-Marseillo/HarborFlowSuite/HarborFlowSuite.Infrastructure/Services/ServiceRequestService.cs(128,65): warning CS8603: Possible null reference return. [/Users/marseillosatrian/Downloads/HarborFlow-dotnet-Suite-Marseillo/HarborFlowSuite/HarborFlowSuite.Infrastructure/HarborFlowSuite.Infrastructure.csproj]
/Users/marseillosatrian/Downloads/HarborFlow-dotnet-Suite-Marseillo/HarborFlowSuite/HarborFlowSuite.Infrastructure/Services/VesselService.cs(145,38): warning CS8604: Possible null reference argument for parameter 'source' in 'IOrderedEnumerable<VesselPosition> Enumerable.OrderByDescending<VesselPosition, DateTime>(IEnumerable<VesselPosition> source, Func<VesselPosition, DateTime> keySelector)'. [/Users/marseillosatrian/Downloads/HarborFlow-dotnet-Suite-Marseillo/HarborFlowSuite/HarborFlowSuite.Infrastructure/HarborFlowSuite.Infrastructure.csproj]
/Users/marseillosatrian/Downloads/HarborFlow-dotnet-Suite-Marseillo/HarborFlowSuite/HarborFlowSuite.Infrastructure/Services/VesselService.cs(213,24): warning CS8603: Possible null reference return. [/Users/marseillosatrian/Downloads/HarborFlow-dotnet-Suite-Marseillo/HarborFlowSuite/HarborFlowSuite.Infrastructure/HarborFlowSuite.Infrastructure.csproj]
/Users/marseillosatrian/Downloads/HarborFlow-dotnet-Suite-Marseillo/HarborFlowSuite/HarborFlowSuite.Infrastructure/Services/ServiceRequestService.cs(185,24): warning CS8603: Possible null reference return. [/Users/marseillosatrian/Downloads/HarborFlow-dotnet-Suite-Marseillo/HarborFlowSuite/HarborFlowSuite.Infrastructure/HarborFlowSuite.Infrastructure.csproj]
/Users/marseillosatrian/Downloads/HarborFlow-dotnet-Suite-Marseillo/HarborFlowSuite/HarborFlowSuite.Infrastructure/Services/ServiceRequestService.cs(192,38): warning CS8603: Possible null reference return. [/Users/marseillosatrian/Downloads/HarborFlow-dotnet-Suite-Marseillo/HarborFlowSuite/HarborFlowSuite.Infrastructure/HarborFlowSuite.Infrastructure.csproj]
/Users/marseillosatrian/Downloads/HarborFlow-dotnet-Suite-Marseillo/HarborFlowSuite/HarborFlowSuite.Infrastructure/Services/ServiceRequestService.cs(214,49): warning CS8603: Possible null reference return. [/Users/marseillosatrian/Downloads/HarborFlow-dotnet-Suite-Marseillo/HarborFlowSuite/HarborFlowSuite.Infrastructure/HarborFlowSuite.Infrastructure.csproj]
/Users/marseillosatrian/Downloads/HarborFlow-dotnet-Suite-Marseillo/HarborFlowSuite/HarborFlowSuite.Infrastructure/Services/ServiceRequestService.cs(230,38): warning CS8603: Possible null reference return. [/Users/marseillosatrian/Downloads/HarborFlow-dotnet-Suite-Marseillo/HarborFlowSuite/HarborFlowSuite.Infrastructure/HarborFlowSuite.Infrastructure.csproj]
/Users/marseillosatrian/Downloads/HarborFlow-dotnet-Suite-Marseillo/HarborFlowSuite/HarborFlowSuite.Infrastructure/Services/ServiceRequestService.cs(234,73): warning CS8603: Possible null reference return. [/Users/marseillosatrian/Downloads/HarborFlow-dotnet-Suite-Marseillo/HarborFlowSuite/HarborFlowSuite.Infrastructure/HarborFlowSuite.Infrastructure.csproj]
/Users/marseillosatrian/Downloads/HarborFlow-dotnet-Suite-Marseillo/HarborFlowSuite/HarborFlowSuite.Infrastructure/Services/NewsService.cs(51,25): error CS0117: 'NewsItemDto' does not contain a definition for 'PubDate' [/Users/marseillosatrian/Downloads/HarborFlow-dotnet-Suite-Marseillo/HarborFlowSuite/HarborFlowSuite.Infrastructure/HarborFlowSuite.Infrastructure.csproj]
    19 Warning(s)
    1 Error(s)

Time Elapsed 00:00:09.92
